// Jest Snapshot v1, https://goo.gl/fbAQLP

exports[`CaStructuredList Mathes snapshot 1`] = `<section class="bx--structured-list"></section>`;
