// Jest Snapshot v1, https://goo.gl/fbAQLP

exports[`CaRadio Mathes snapshot 1`] = `
<div class="bx--form-item">
  <div class="bx--radio-button-group"></div>
</div>
`;
