// Jest Snapshot v1, https://goo.gl/fbAQLP

exports[`CaTile Mathes snapshot 1`] = `<div data-tile="clickable" class="bx--tile"></div>`;
