// Jest Snapshot v1, https://goo.gl/fbAQLP

exports[`CaToggle Mathes snapshot 1`] = `
<div class="bx--form-item">
  <input id="toggle1" type="checkbox" class="bx--toggle">
  <label for="toggle1" class="bx--toggle__label"><span class="bx--toggle__text--left">Off</span> <span class="bx--toggle__appearance"></span> <span class="bx--toggle__text--right">On</span></label>
</div>
`;
