// Jest Snapshot v1, https://goo.gl/fbAQLP

exports[`CaContentSwitcher Mathes snapshot 1`] = `
<div data-content-switcher="" class="bx--content-switcher">
  <button data-target=".demo--panel--opt-2" switchvalue="" class="bx--content-switcher-btn"></button>
</div>
`;
