// Jest Snapshot v1, https://goo.gl/fbAQLP

exports[`CaNumberInput Mathes snapshot 1`] = `
<div data-numberinput="" class="bx--number">
  <input id="number-input" type="number" min="0" max="100" step="10">
  <div class="bx--number__controls">
    <button class="bx--number__control-btn up-icon">
      <svg viewBox="0 2 10 5" width="10" height="5" fill-rule="evenodd">
        <path d="M10 5L5 0 0 5z"></path>
      </svg>
    </button>
    <button class="bx--number__control-btn down-icon">
      <svg viewBox="0 2 10 5" width="10" height="5" fill-rule="evenodd">
        <path d="M10 0L5 5 0 0z"></path>
      </svg>
    </button>
  </div>
</div>
`;
