// Jest Snapshot v1, https://goo.gl/fbAQLP

exports[`CaTag Mathes snapshot 1`] = `<span data-tag="" class="bx--tag"></span>`;
